
> personal-site@4.0.0 test
> npx jest -t should render the app --watchAll=false --no-colors

node.exe : FAIL src/__tests__/App.test.js
At line:1 char:1
+ & "C:\Program Files\nodejs/node.exe" "C:\Program Files\nodejs/node_mo ...
+ ~~~~~~~~~~~~~~~~~~~~~~~~~~~~~~~~~~~~~~~~~~~~~~~~~~~~~~~~~~~~~~~~~~~~~
    + CategoryInfo          : NotSpecified: (FAIL src/__tests__/App.test.js:String) [], RemoteException
    + FullyQualifiedErrorId : NativeCommandError
 
  renders the app
    ├ù should render the app (118 ms)
    Γùï skipped should render the title
    Γùï skipped can navigate to /about
    Γùï skipped can navigate to /resume
    Γùï skipped can navigate to /projects
    Γùï skipped can navigate to /stats
    Γùï skipped can navigate to /contact

  ΓùÅ renders the app ΓÇ║ should render the app

    TypeError: expect(...).toBeInTheDocument is not a function

      32 |     render(<App />);
      33 |     const mainElement = await screen.findByRole('main', {}, { timeout });
    > 34 |     expect(mainElement).toBeInTheDocument();
         |                         ^
      35 |   });
      36 |
      37 |   it('should render the title', async () => {

      at call (src/__tests__/App.test.js:34:25)
      at tryCatch (src/__tests__/App.test.js:2:1)
      at Generator._invoke (src/__tests__/App.test.js:2:1)
      at Generator.next (src/__tests__/App.test.js:2:1)
      at asyncGeneratorStep (src/__tests__/App.test.js:2:1)
      at _next (src/__tests__/App.test.js:2:1)

Test Suites: 1 failed, 1 total
Tests:       1 failed, 6 skipped, 7 total
Snapshots:   0 total
Time:        1.745 s, estimated 2 s
Ran all test suites with tests matching "should render the app".
